2025-02-20 14:33:16,951 - 進入函式：standard_local_msts_cits
2025-02-20 14:33:17,007 - 進入函式：wait_for_scan_complete
2025-02-20 14:33:17,007 - 進入函式：check_scan
2025-02-20 14:33:18,191 - 離開函式：check_scan
2025-02-20 14:33:20,529 - 進入函式：check_scan
2025-02-20 14:33:20,875 - 離開函式：check_scan
2025-02-20 14:33:21,959 - === 時間戳記 2025-02-20 14:33:21.959687 ===
目前執行函式：wait_for_scan_complete -> standard_local_msts_cits

2025-02-20 14:33:23,211 - 進入函式：check_scan
2025-02-20 14:33:23,544 - 離開函式：check_scan
2025-02-20 14:33:25,880 - 進入函式：check_scan
2025-02-20 14:33:26,218 - 離開函式：check_scan
2025-02-20 14:33:26,968 - === 時間戳記 2025-02-20 14:33:26.968674 ===
目前執行函式：wait_for_scan_complete -> standard_local_msts_cits

2025-02-20 14:33:28,559 - 進入函式：check_scan
2025-02-20 14:33:28,904 - 離開函式：check_scan
2025-02-20 14:33:31,240 - 進入函式：check_scan
2025-02-20 14:33:31,576 - 離開函式：check_scan
2025-02-20 14:33:31,977 - === 時間戳記 2025-02-20 14:33:31.977519 ===
目前執行函式：wait_for_scan_complete -> standard_local_msts_cits

2025-02-20 14:33:33,906 - 進入函式：check_scan
2025-02-20 14:33:34,242 - 離開函式：check_scan
2025-02-20 14:33:36,577 - 進入函式：check_scan
2025-02-20 14:33:36,922 - 離開函式：check_scan
2025-02-20 14:33:36,989 - === 時間戳記 2025-02-20 14:33:36.989263 ===
目前執行函式：wait_for_scan_complete -> standard_local_msts_cits

2025-02-20 14:33:39,258 - 進入函式：check_scan
2025-02-20 14:33:39,603 - 離開函式：check_scan
2025-02-20 14:33:41,942 - 進入函式：check_scan
2025-02-20 14:33:41,998 - === 時間戳記 2025-02-20 14:33:41.998788 ===
目前執行函式：check_scan -> wait_for_scan_complete -> standard_local_msts_cits

2025-02-20 14:33:42,287 - 離開函式：check_scan
2025-02-20 14:33:44,625 - 進入函式：check_scan
2025-02-20 14:33:44,976 - 離開函式：check_scan
2025-02-20 14:33:47,007 - === 時間戳記 2025-02-20 14:33:47.007965 ===
目前執行函式：wait_for_scan_complete -> standard_local_msts_cits

2025-02-20 14:33:47,313 - 進入函式：check_scan
2025-02-20 14:33:47,658 - 離開函式：check_scan
2025-02-20 14:33:49,996 - 進入函式：check_scan
2025-02-20 14:33:50,343 - 離開函式：check_scan
2025-02-20 14:33:52,018 - === 時間戳記 2025-02-20 14:33:52.018139 ===
目前執行函式：wait_for_scan_complete -> standard_local_msts_cits

2025-02-20 14:33:52,680 - 進入函式：check_scan
2025-02-20 14:33:53,025 - 離開函式：check_scan
2025-02-20 14:33:55,366 - 進入函式：check_scan
2025-02-20 14:33:55,710 - 離開函式：check_scan
2025-02-20 14:33:57,023 - === 時間戳記 2025-02-20 14:33:57.023415 ===
目前執行函式：wait_for_scan_complete -> standard_local_msts_cits

2025-02-20 14:33:58,050 - 進入函式：check_scan
2025-02-20 14:33:58,395 - 離開函式：check_scan
2025-02-20 14:34:00,732 - 進入函式：check_scan
2025-02-20 14:34:01,078 - 離開函式：check_scan
2025-02-20 14:34:02,032 - === 時間戳記 2025-02-20 14:34:02.032835 ===
目前執行函式：wait_for_scan_complete -> standard_local_msts_cits

2025-02-20 14:34:03,417 - 進入函式：check_scan
2025-02-20 14:34:03,762 - 離開函式：check_scan
2025-02-20 14:34:06,099 - 進入函式：check_scan
2025-02-20 14:34:06,443 - 離開函式：check_scan
2025-02-20 14:34:07,041 - === 時間戳記 2025-02-20 14:34:07.041091 ===
目前執行函式：wait_for_scan_complete -> standard_local_msts_cits

2025-02-20 14:34:08,784 - 進入函式：check_scan
2025-02-20 14:34:09,126 - 離開函式：check_scan
2025-02-20 14:34:11,464 - 進入函式：check_scan
2025-02-20 14:34:11,809 - 離開函式：check_scan
2025-02-20 14:34:12,049 - === 時間戳記 2025-02-20 14:34:12.049533 ===
目前執行函式：wait_for_scan_complete -> standard_local_msts_cits

2025-02-20 14:34:14,148 - 進入函式：check_scan
2025-02-20 14:34:14,493 - 離開函式：check_scan
2025-02-20 14:34:16,831 - 進入函式：check_scan
2025-02-20 14:34:17,056 - === 時間戳記 2025-02-20 14:34:17.056614 ===
目前執行函式：check_scan -> wait_for_scan_complete -> standard_local_msts_cits

2025-02-20 14:34:17,174 - 離開函式：check_scan
2025-02-20 14:34:19,513 - 進入函式：check_scan
2025-02-20 14:34:19,858 - 離開函式：check_scan
2025-02-20 14:34:22,065 - === 時間戳記 2025-02-20 14:34:22.065675 ===
目前執行函式：wait_for_scan_complete -> standard_local_msts_cits

2025-02-20 14:34:22,197 - 進入函式：check_scan
2025-02-20 14:34:22,540 - 離開函式：check_scan
2025-02-20 14:34:24,884 - 進入函式：check_scan
2025-02-20 14:34:25,225 - 離開函式：check_scan
2025-02-20 14:34:27,075 - === 時間戳記 2025-02-20 14:34:27.075280 ===
目前執行函式：wait_for_scan_complete -> standard_local_msts_cits

2025-02-20 14:34:27,564 - 進入函式：check_scan
2025-02-20 14:34:27,908 - 離開函式：check_scan
2025-02-20 14:34:30,246 - 進入函式：check_scan
2025-02-20 14:34:30,590 - 離開函式：check_scan
2025-02-20 14:34:32,085 - === 時間戳記 2025-02-20 14:34:32.085422 ===
目前執行函式：wait_for_scan_complete -> standard_local_msts_cits

2025-02-20 14:34:32,929 - 進入函式：check_scan
2025-02-20 14:34:33,272 - 離開函式：check_scan
2025-02-20 14:34:35,610 - 進入函式：check_scan
2025-02-20 14:34:35,953 - 離開函式：check_scan
2025-02-20 14:34:37,096 - === 時間戳記 2025-02-20 14:34:37.096289 ===
目前執行函式：wait_for_scan_complete -> standard_local_msts_cits

2025-02-20 14:34:38,297 - 進入函式：check_scan
2025-02-20 14:34:38,641 - 離開函式：check_scan
2025-02-20 14:34:40,980 - 進入函式：check_scan
2025-02-20 14:34:41,324 - 離開函式：check_scan
2025-02-20 14:34:42,101 - === 時間戳記 2025-02-20 14:34:42.101883 ===
目前執行函式：wait_for_scan_complete -> standard_local_msts_cits

2025-02-20 14:34:43,666 - 進入函式：check_scan
2025-02-20 14:34:44,009 - 離開函式：check_scan
2025-02-20 14:34:46,347 - 進入函式：check_scan
2025-02-20 14:34:46,690 - 離開函式：check_scan
2025-02-20 14:34:47,110 - === 時間戳記 2025-02-20 14:34:47.110860 ===
目前執行函式：wait_for_scan_complete -> standard_local_msts_cits

2025-02-20 14:34:49,028 - 進入函式：check_scan
2025-02-20 14:34:49,371 - 離開函式：check_scan
2025-02-20 14:34:51,710 - 進入函式：check_scan
2025-02-20 14:34:52,053 - 離開函式：check_scan
2025-02-20 14:34:52,118 - === 時間戳記 2025-02-20 14:34:52.118108 ===
目前執行函式：wait_for_scan_complete -> standard_local_msts_cits

2025-02-20 14:34:54,391 - 進入函式：check_scan
2025-02-20 14:34:54,735 - 離開函式：check_scan
2025-02-20 14:34:57,075 - 進入函式：check_scan
2025-02-20 14:34:57,123 - === 時間戳記 2025-02-20 14:34:57.123263 ===
目前執行函式：check_scan -> wait_for_scan_complete -> standard_local_msts_cits

2025-02-20 14:34:57,417 - 離開函式：check_scan
2025-02-20 14:34:59,756 - 進入函式：check_scan
2025-02-20 14:35:00,107 - 離開函式：check_scan
2025-02-20 14:35:02,133 - === 時間戳記 2025-02-20 14:35:02.133432 ===
目前執行函式：wait_for_scan_complete -> standard_local_msts_cits

2025-02-20 14:35:02,443 - 進入函式：check_scan
2025-02-20 14:35:02,787 - 離開函式：check_scan
2025-02-20 14:35:05,125 - 進入函式：check_scan
2025-02-20 14:35:05,474 - 離開函式：check_scan
2025-02-20 14:35:07,142 - === 時間戳記 2025-02-20 14:35:07.142751 ===
目前執行函式：wait_for_scan_complete -> standard_local_msts_cits

2025-02-20 14:35:07,809 - 進入函式：check_scan
2025-02-20 14:35:08,152 - 離開函式：check_scan
2025-02-20 14:35:10,489 - 進入函式：check_scan
2025-02-20 14:35:10,832 - 離開函式：check_scan
2025-02-20 14:35:12,152 - === 時間戳記 2025-02-20 14:35:12.152648 ===
目前執行函式：wait_for_scan_complete -> standard_local_msts_cits

2025-02-20 14:35:13,172 - 進入函式：check_scan
2025-02-20 14:35:13,515 - 離開函式：check_scan
2025-02-20 14:35:15,852 - 進入函式：check_scan
2025-02-20 14:35:16,196 - 離開函式：check_scan
2025-02-20 14:35:17,162 - === 時間戳記 2025-02-20 14:35:17.162823 ===
目前執行函式：wait_for_scan_complete -> standard_local_msts_cits

2025-02-20 14:35:18,535 - 進入函式：check_scan
2025-02-20 14:35:18,879 - 離開函式：check_scan
2025-02-20 14:35:21,217 - 進入函式：check_scan
2025-02-20 14:35:21,560 - 離開函式：check_scan
2025-02-20 14:35:22,174 - === 時間戳記 2025-02-20 14:35:22.174663 ===
目前執行函式：wait_for_scan_complete -> standard_local_msts_cits

2025-02-20 14:35:23,898 - 進入函式：check_scan
2025-02-20 14:35:24,244 - 離開函式：check_scan
2025-02-20 14:35:26,580 - 進入函式：check_scan
2025-02-20 14:35:26,924 - 離開函式：check_scan
2025-02-20 14:35:27,182 - === 時間戳記 2025-02-20 14:35:27.182259 ===
目前執行函式：wait_for_scan_complete -> standard_local_msts_cits

2025-02-20 14:35:29,262 - 進入函式：check_scan
2025-02-20 14:35:29,606 - 離開函式：check_scan
2025-02-20 14:35:31,945 - 進入函式：check_scan
2025-02-20 14:35:31,946 - 離開函式：check_scan
2025-02-20 14:35:31,946 - 離開函式：wait_for_scan_complete
2025-02-20 14:35:32,190 - === 時間戳記 2025-02-20 14:35:32.190640 ===
目前執行函式：standard_local_msts_cits

2025-02-20 14:35:32,467 - 進入函式：perform_multi_sts
2025-02-20 14:35:37,197 - === 時間戳記 2025-02-20 14:35:37.197777 ===
目前執行函式：standard_local_msts_cits -> perform_multi_sts

2025-02-20 14:35:42,205 - === 時間戳記 2025-02-20 14:35:42.205834 ===
目前執行函式：standard_local_msts_cits -> perform_multi_sts

2025-02-20 14:35:47,211 - === 時間戳記 2025-02-20 14:35:47.211791 ===
目前執行函式：standard_local_msts_cits -> perform_multi_sts

2025-02-20 14:35:52,218 - === 時間戳記 2025-02-20 14:35:52.218763 ===
目前執行函式：standard_local_msts_cits -> perform_multi_sts

2025-02-20 14:35:57,225 - === 時間戳記 2025-02-20 14:35:57.225741 ===
目前執行函式：standard_local_msts_cits -> perform_multi_sts

2025-02-20 14:35:59,021 - 離開函式：perform_multi_sts
2025-02-20 14:35:59,044 - 進入函式：perform_multi_sts
2025-02-20 14:36:02,232 - === 時間戳記 2025-02-20 14:36:02.232266 ===
目前執行函式：standard_local_msts_cits -> perform_multi_sts

2025-02-20 14:36:07,241 - === 時間戳記 2025-02-20 14:36:07.241250 ===
目前執行函式：standard_local_msts_cits -> perform_multi_sts

2025-02-20 14:36:12,249 - === 時間戳記 2025-02-20 14:36:12.249208 ===
目前執行函式：standard_local_msts_cits -> perform_multi_sts

2025-02-20 14:36:17,255 - === 時間戳記 2025-02-20 14:36:17.255428 ===
目前執行函式：standard_local_msts_cits -> perform_multi_sts

2025-02-20 14:36:22,262 - === 時間戳記 2025-02-20 14:36:22.262067 ===
目前執行函式：standard_local_msts_cits -> perform_multi_sts

2025-02-20 14:36:24,780 - 離開函式：perform_multi_sts
2025-02-20 14:36:24,803 - 進入函式：perform_multi_sts
2025-02-20 14:36:27,267 - === 時間戳記 2025-02-20 14:36:27.267894 ===
目前執行函式：standard_local_msts_cits -> perform_multi_sts

2025-02-20 14:36:32,273 - === 時間戳記 2025-02-20 14:36:32.273064 ===
目前執行函式：standard_local_msts_cits -> perform_multi_sts

2025-02-20 14:36:37,279 - === 時間戳記 2025-02-20 14:36:37.279557 ===
目前執行函式：standard_local_msts_cits -> perform_multi_sts

2025-02-20 14:36:42,284 - === 時間戳記 2025-02-20 14:36:42.284244 ===
目前執行函式：standard_local_msts_cits -> perform_multi_sts

2025-02-20 14:36:47,289 - === 時間戳記 2025-02-20 14:36:47.289499 ===
目前執行函式：standard_local_msts_cits -> perform_multi_sts

2025-02-20 14:36:50,470 - 離開函式：perform_multi_sts
2025-02-20 14:36:50,494 - 進入函式：perform_multi_sts
2025-02-20 14:36:52,297 - === 時間戳記 2025-02-20 14:36:52.297515 ===
目前執行函式：standard_local_msts_cits -> perform_multi_sts

2025-02-20 14:36:57,305 - === 時間戳記 2025-02-20 14:36:57.305356 ===
目前執行函式：standard_local_msts_cits -> perform_multi_sts

2025-02-20 14:37:02,312 - === 時間戳記 2025-02-20 14:37:02.312608 ===
目前執行函式：standard_local_msts_cits -> perform_multi_sts

2025-02-20 14:37:07,320 - === 時間戳記 2025-02-20 14:37:07.320282 ===
目前執行函式：standard_local_msts_cits -> perform_multi_sts

2025-02-20 14:37:12,328 - === 時間戳記 2025-02-20 14:37:12.328339 ===
目前執行函式：standard_local_msts_cits -> perform_multi_sts

2025-02-20 14:37:16,207 - 離開函式：perform_multi_sts
2025-02-20 14:37:16,232 - 進入函式：perform_multi_sts
2025-02-20 14:37:17,337 - === 時間戳記 2025-02-20 14:37:17.337589 ===
目前執行函式：standard_local_msts_cits -> perform_multi_sts

2025-02-20 14:37:22,343 - === 時間戳記 2025-02-20 14:37:22.343331 ===
目前執行函式：standard_local_msts_cits -> perform_multi_sts

2025-02-20 14:37:27,350 - === 時間戳記 2025-02-20 14:37:27.350410 ===
目前執行函式：standard_local_msts_cits -> perform_multi_sts

2025-02-20 14:37:32,357 - === 時間戳記 2025-02-20 14:37:32.357873 ===
目前執行函式：standard_local_msts_cits -> perform_multi_sts

2025-02-20 14:37:37,363 - === 時間戳記 2025-02-20 14:37:37.363799 ===
目前執行函式：standard_local_msts_cits -> perform_multi_sts

2025-02-20 14:37:41,822 - 離開函式：perform_multi_sts
2025-02-20 14:37:41,847 - 進入函式：perform_multi_sts
2025-02-20 14:37:42,370 - === 時間戳記 2025-02-20 14:37:42.370746 ===
目前執行函式：standard_local_msts_cits -> perform_multi_sts

2025-02-20 14:37:47,380 - === 時間戳記 2025-02-20 14:37:47.380588 ===
目前執行函式：standard_local_msts_cits -> perform_multi_sts

2025-02-20 14:37:52,392 - === 時間戳記 2025-02-20 14:37:52.392069 ===
目前執行函式：standard_local_msts_cits -> perform_multi_sts

2025-02-20 14:37:57,401 - === 時間戳記 2025-02-20 14:37:57.401476 ===
目前執行函式：standard_local_msts_cits -> perform_multi_sts

2025-02-20 14:38:02,413 - === 時間戳記 2025-02-20 14:38:02.413636 ===
目前執行函式：standard_local_msts_cits -> perform_multi_sts

2025-02-20 14:38:07,424 - === 時間戳記 2025-02-20 14:38:07.424407 ===
目前執行函式：standard_local_msts_cits -> perform_multi_sts

2025-02-20 14:38:07,593 - 離開函式：perform_multi_sts
2025-02-20 14:38:07,618 - 進入函式：perform_multi_sts
2025-02-20 14:38:12,435 - === 時間戳記 2025-02-20 14:38:12.435297 ===
目前執行函式：standard_local_msts_cits -> perform_multi_sts

2025-02-20 14:38:17,446 - === 時間戳記 2025-02-20 14:38:17.446048 ===
目前執行函式：standard_local_msts_cits -> perform_multi_sts

2025-02-20 14:38:22,456 - === 時間戳記 2025-02-20 14:38:22.456251 ===
目前執行函式：standard_local_msts_cits -> perform_multi_sts

2025-02-20 14:38:27,463 - === 時間戳記 2025-02-20 14:38:27.463565 ===
目前執行函式：standard_local_msts_cits -> perform_multi_sts

2025-02-20 14:38:32,473 - === 時間戳記 2025-02-20 14:38:32.473001 ===
目前執行函式：standard_local_msts_cits -> perform_multi_sts

2025-02-20 14:38:33,628 - 離開函式：perform_multi_sts
2025-02-20 14:38:33,655 - 進入函式：perform_multi_sts
2025-02-20 14:38:37,480 - === 時間戳記 2025-02-20 14:38:37.480317 ===
目前執行函式：standard_local_msts_cits -> perform_multi_sts

2025-02-20 14:38:39,152 - 進入函式：scan_off
2025-02-20 14:38:39,152 - 離開函式：scan_off
2025-02-20 14:38:40,134 - 離開函式：perform_multi_sts
2025-02-20 14:38:40,143 - 離開函式：standard_local_msts_cits
