2024-12-07 00:36:33,174 - 進入函式：wait_for_scan_complete
2024-12-07 00:36:33,174 - 進入函式：check_scan
2024-12-07 00:36:34,350 - 離開函式：check_scan
2024-12-07 00:36:36,680 - 進入函式：check_scan
2024-12-07 00:36:36,682 - 離開函式：check_scan
2024-12-07 00:36:36,682 - 離開函式：wait_for_scan_complete
2024-12-07 00:37:02,439 - 進入函式：scan_off
2024-12-07 00:37:02,440 - 離開函式：scan_off
2024-12-07 00:37:11,455 - 進入函式：wait_for_scan_complete
2024-12-07 00:37:11,455 - 進入函式：check_scan
2024-12-07 00:37:13,234 - === 時間戳記 2024-12-07 00:37:13.234110 ===
目前執行函式：check_scan -> wait_for_scan_complete

2024-12-07 00:37:13,346 - 離開函式：check_scan
2024-12-07 00:37:15,676 - 進入函式：check_scan
2024-12-07 00:37:15,678 - 離開函式：check_scan
2024-12-07 00:37:15,678 - 離開函式：wait_for_scan_complete
2024-12-07 00:37:56,566 - 進入函式：wait_for_scan_complete
2024-12-07 00:37:56,566 - 進入函式：check_scan
2024-12-07 00:37:58,293 - === 時間戳記 2024-12-07 00:37:58.293044 ===
目前執行函式：check_scan -> wait_for_scan_complete

2024-12-07 00:37:58,877 - 離開函式：check_scan
2024-12-07 00:38:01,214 - 進入函式：check_scan
2024-12-07 00:38:01,553 - 離開函式：check_scan
2024-12-07 00:38:03,301 - === 時間戳記 2024-12-07 00:38:03.301441 ===
目前執行函式：wait_for_scan_complete

2024-12-07 00:38:03,888 - 進入函式：check_scan
2024-12-07 00:38:04,232 - 離開函式：check_scan
2024-12-07 00:38:06,567 - 進入函式：check_scan
2024-12-07 00:38:06,910 - 離開函式：check_scan
2024-12-07 00:38:08,307 - === 時間戳記 2024-12-07 00:38:08.307405 ===
目前執行函式：wait_for_scan_complete

2024-12-07 00:38:09,247 - 進入函式：check_scan
2024-12-07 00:38:09,589 - 離開函式：check_scan
2024-12-07 00:38:11,926 - 進入函式：check_scan
2024-12-07 00:38:12,267 - 離開函式：check_scan
2024-12-07 00:38:13,314 - === 時間戳記 2024-12-07 00:38:13.314509 ===
目前執行函式：wait_for_scan_complete

2024-12-07 00:38:14,604 - 進入函式：check_scan
2024-12-07 00:38:14,948 - 離開函式：check_scan
2024-12-07 00:38:17,284 - 進入函式：check_scan
2024-12-07 00:38:17,627 - 離開函式：check_scan
2024-12-07 00:38:18,320 - === 時間戳記 2024-12-07 00:38:18.320525 ===
目前執行函式：wait_for_scan_complete

2024-12-07 00:38:19,965 - 進入函式：check_scan
2024-12-07 00:38:20,312 - 離開函式：check_scan
2024-12-07 00:38:22,646 - 進入函式：check_scan
2024-12-07 00:38:22,989 - 離開函式：check_scan
2024-12-07 00:38:23,327 - === 時間戳記 2024-12-07 00:38:23.327782 ===
目前執行函式：wait_for_scan_complete

2024-12-07 00:38:25,325 - 進入函式：check_scan
2024-12-07 00:38:25,673 - 離開函式：check_scan
2024-12-07 00:38:28,007 - 進入函式：check_scan
2024-12-07 00:38:28,334 - === 時間戳記 2024-12-07 00:38:28.334861 ===
目前執行函式：check_scan -> wait_for_scan_complete

2024-12-07 00:38:28,349 - 離開函式：check_scan
2024-12-07 00:38:30,685 - 進入函式：check_scan
2024-12-07 00:38:31,026 - 離開函式：check_scan
2024-12-07 00:38:33,343 - === 時間戳記 2024-12-07 00:38:33.343616 ===
目前執行函式：wait_for_scan_complete

2024-12-07 00:38:33,363 - 進入函式：check_scan
2024-12-07 00:38:33,706 - 離開函式：check_scan
2024-12-07 00:38:36,041 - 進入函式：check_scan
2024-12-07 00:38:36,386 - 離開函式：check_scan
2024-12-07 00:38:38,352 - === 時間戳記 2024-12-07 00:38:38.352992 ===
目前執行函式：wait_for_scan_complete

2024-12-07 00:38:38,731 - 進入函式：check_scan
2024-12-07 00:38:39,074 - 離開函式：check_scan
2024-12-07 00:38:41,413 - 進入函式：check_scan
2024-12-07 00:38:41,758 - 離開函式：check_scan
2024-12-07 00:38:43,360 - === 時間戳記 2024-12-07 00:38:43.360777 ===
目前執行函式：wait_for_scan_complete

2024-12-07 00:38:44,101 - 進入函式：check_scan
2024-12-07 00:38:44,441 - 離開函式：check_scan
2024-12-07 00:38:46,781 - 進入函式：check_scan
2024-12-07 00:38:47,123 - 離開函式：check_scan
2024-12-07 00:38:48,368 - === 時間戳記 2024-12-07 00:38:48.368219 ===
目前執行函式：wait_for_scan_complete

2024-12-07 00:38:49,465 - 進入函式：check_scan
2024-12-07 00:38:49,808 - 離開函式：check_scan
2024-12-07 00:38:52,148 - 進入函式：check_scan
2024-12-07 00:38:52,494 - 離開函式：check_scan
2024-12-07 00:38:53,376 - === 時間戳記 2024-12-07 00:38:53.376157 ===
目前執行函式：wait_for_scan_complete

2024-12-07 00:38:54,834 - 進入函式：check_scan
2024-12-07 00:38:55,175 - 離開函式：check_scan
2024-12-07 00:38:57,512 - 進入函式：check_scan
2024-12-07 00:38:57,854 - 離開函式：check_scan
2024-12-07 00:38:58,382 - === 時間戳記 2024-12-07 00:38:58.382219 ===
目前執行函式：wait_for_scan_complete

2024-12-07 00:39:00,196 - 進入函式：check_scan
2024-12-07 00:39:00,537 - 離開函式：check_scan
2024-12-07 00:39:02,873 - 進入函式：check_scan
2024-12-07 00:39:03,217 - 離開函式：check_scan
2024-12-07 00:39:03,389 - === 時間戳記 2024-12-07 00:39:03.389806 ===
目前執行函式：wait_for_scan_complete

2024-12-07 00:39:06,370 - 進入函式：check_scan
