2025-02-20 14:33:16,952 - Sending command: a := 0.0;
a := GetScanPara('X');
Writeln(a);
2025-02-20 14:33:16,954 - Response: b'DDE Cmd 15\r\n780.74\r\n'
2025-02-20 14:33:16,954 - Sending command: a := 0.0;
a := GetScanPara('Y');
Writeln(a);
2025-02-20 14:33:16,963 - Response: b'DDE Cmd 16\r\n518.05\r\n'
2025-02-20 14:33:16,963 - Sending command: a := 0.0;
a := GetScanPara('AspectRatio');
Writeln(a);
2025-02-20 14:33:16,965 - Response: b'DDE Cmd 17\r\n1\r\n'
2025-02-20 14:33:16,965 - Sending command: a := 0.0;
a := GetScanPara('Range');
Writeln(a);
2025-02-20 14:33:16,967 - Response: b'DDE Cmd 18\r\n50\r\n'
2025-02-20 14:33:16,967 - Sending command: a := 0.0;
a := GetScanPara('Angle');
Writeln(a);
2025-02-20 14:33:16,970 - Response: b'DDE Cmd 19\r\n0\r\n'
2025-02-20 14:33:16,970 - Sending command: a := 0.0;
a := GetScanPara('Pixel');
Writeln(a);
2025-02-20 14:33:16,972 - Response: b'DDE Cmd 20\r\n500\r\n'
2025-02-20 14:33:16,972 - Sending command: a := 0.0;
a := GetScanPara('PixelRatio');
Writeln(a);
2025-02-20 14:33:16,976 - Response: b'DDE Cmd 21\r\nError 34 (unknown function) at line 3.    Program stopped!\r\n'
2025-02-20 14:33:16,976 - Sending command: a := 0.0;
a := GetScanPara('AspectRatio');
Writeln(a);
2025-02-20 14:33:16,980 - Response: b'DDE Cmd 22\r\n1\r\n'
2025-02-20 14:33:16,980 - Sending command: a := 0.0;
a := GetScanPara('AspectRatio');
Writeln(a);
2025-02-20 14:33:16,982 - Response: b'DDE Cmd 23\r\n1\r\n'
2025-02-20 14:33:16,994 - coordinates:
2025-02-20 14:33:16,994 - [[768.74 498.05]
 [769.14 498.05]
 [769.54 498.05]
 ...
 [771.54 517.25]
 [771.94 517.25]
 [772.34 517.25]]
2025-02-20 14:33:16,995 - translated_coords:
2025-02-20 14:33:16,995 - [[-12.  -20. ]
 [-11.6 -20. ]
 [-11.2 -20. ]
 ...
 [ -9.2  -0.8]
 [ -8.8  -0.8]
 [ -8.4  -0.8]]
2025-02-20 14:33:16,995 - sorted_indices:
2025-02-20 14:33:16,997 - [  0   1   2   3   4   5   6   7   8   9  10  11  12  13  14  15  16  17
  18  19  20  21  22  23  24  25  26  27  28  29  30  31  32  33  34  35
  36  37  38  39  40  41  42  43  44  45  46  47  48  49  50  51  52  53
  54  55  56  57  58  59  60  61  62  63  64  65  66  67  68  69  70  71
  72  73  74  75  76  77  78  79  80  81  82  83  84  85  86  87  88  89
  90  91  92  93  94  95  96  97  98  99 100 101 102 103 104 105 106 107
 108 109 110 111 112 113 114 115 116 117 118 119 120 121 122 123 124 125
 126 127 128 129 130 131 132 133 134 135 136 137 138 139 140 141 142 143
 144 145 146 147 148 149 150 151 152 153 154 155 156 157 158 159 160 161
 162 163 164 165 166 167 168 169 170 171 172 173 174 175 176 177 178 179
 180 181 182 183 184 185 186 187 188 189 190 191 192 193 194 195 196 197
 198 199 200 201 202 203 204 205 206 207 208 209 210 211 212 213 214 215
 216 217 218 219 220 221 222 223 224 225 226 227 228 229 230 231 232 233
 234 235 236 237 238 239 240 241 242 243 244 245 246 247 248 249 250 251
 252 253 254 255 256 257 258 259 260 261 262 263 264 265 266 267 268 269
 270 271 272 273 274 275 276 277 278 279 280 281 282 283 284 285 286 287
 288 289 290 291 292 293 294 295 296 297 298 299 300 301 302 303 304 305
 306 307 308 309 310 311 312 313 314 315 316 317 318 319 320 321 322 323
 324 325 326 327 328 329 330 331 332 333 334 335 336 337 338 339 340 341
 342 343 344 345 346 347 348 349 350 351 352 353 354 355 356 357 358 359
 360 361 362 363 364 365 366 367 368 369 370 371 372 373 374 375 376 377
 378 379 380 381 382 383 384 385 386 387 388 389 390 391 392 393 394 395
 396 397 398 399 400 401 402 403 404 405 406 407 408 409 410 411 412 413
 414 415 416 417 418 419 420 421 422 423 424 425 426 427 428 429 430 431
 432 433 434 435 436 437 438 439 440 441 442 443 444 445 446 447 448 449
 450 451 452 453 454 455 456 457 458 459 460 461 462 463 464 465 466 467
 468 469 470 471 472 473 474 475 476 477 478 479 480 481 482 483 484 485
 486 487 488 489 490 491 492 493 494 495 496 497 498 499 500 501 502 503
 504 505 506 507 508 509 510 511 512 513 514 515 516 517 518 519 520 521
 522 523 524 525 526 527 528 529 530 531 532 533 534 535 536 537 538 539
 540 541 542 543 544 545 546 547 548 549 550 551 552 553 554 555 556 557
 558 559 560 561 562 563 564 565 566 567 568 569 570 571 572 573 574 575
 576 577 578 579 580 581 582 583 584 585 586 587 588 589 590 591 592 593
 594 595 596 597 598 599 600 601 602 603 604 605 606 607 608 609 610 611
 612 613 614 615 616 617 618 619 620 621 622 623 624 625 626 627 628 629
 630 631 632 633 634 635 636 637 638 639 640 641 642 643 644 645 646 647
 648 649 650 651 652 653 654 655 656 657 658 659 660 661 662 663 664 665
 666 667 668 669 670 671 672 673 674 675 676 677 678 679 680 681 682 683
 684 685 686 687 688 689 690 691 692 693 694 695 696 697 698 699 700 701
 702 703 704 705 706 707 708 709 710 711 712 713 714 715 716 717 718 719
 720 721 722 723 724 725 726 727 728 729 730 731 732 733 734 735 736 737
 738 739 740 741 742 743 744 745 746 747 748 749 750 751 752 753 754 755
 756 757 758 759 760 761 762 763 764 765 766 767 768 769 770 771 772 773
 774 775 776 777 778 779 780 781 782 783 784 785 786 787 788 789 790 791
 792 793 794 795 796 797 798 799 800 801 802 803 804 805 806 807 808 809
 810 811 812 813 814 815 816 817 818 819 820 821 822 823 824 825 826 827
 828 829 830 831 832 833 834 835 836 837 838 839 840 841 842 843 844 845
 846 847 848 849 850 851 852 853 854 855 856 857 858 859 860 861 862 863
 864 865 866 867 868 869 870 871 872 873 874 875 876 877 878 879 880 881
 882 883 884 885 886 887 888 889 890 891 892 893 894 895 896 897 898 899
 900 901 902 903 904 905 906 907 908 909 910 911 912 913 914 915 916 917
 918 919 920 921 922 923 924 925 926 927 928 929 930 931 932 933 934 935
 936 937 938 939 940 941 942 943 944 945 946 947 948 949 950 951 952 953
 954 955 956 957 958 959 960 961 962 963 964 965 966 967 968 969 970 971
 972 973 974 975 976 977 978 979 980 981 982 983 984 985 986 987 988 989
 990 991 992 993 994 995 996 997 998 999]
2025-02-20 14:33:16,997 - sorted_positions:
2025-02-20 14:33:16,998 - [ 50  50  50  50  50  50  50  50  50  50  50  50  50  50  50  50  50  50
  50  50  50  50  50  50  50  50  50  50  50  50  50  50  50  50  50  50
  50  50  50  50  58  58  58  58  58  58  58  58  58  58  58  58  58  58
  58  58  58  58  58  58  58  58  58  58  58  58  58  58  58  58  58  58
  58  58  58  58  58  58  58  58  66  66  66  66  66  66  66  66  66  66
  66  66  66  66  66  66  66  66  66  66  66  66  66  66  66  66  66  66
  66  66  66  66  66  66  66  66  66  66  66  66  73  73  73  73  73  73
  73  73  73  73  73  73  73  73  73  73  73  73  73  73  73  73  73  73
  73  73  73  73  73  73  73  73  73  73  73  73  73  73  73  73  81  81
  81  81  81  81  81  81  81  81  81  81  81  81  81  81  81  81  81  81
  81  81  81  81  81  81  81  81  81  81  81  81  81  81  81  81  81  81
  81  81  90  90  90  90  90  90  90  90  90  90  90  90  90  90  90  90
  90  90  90  90  90  90  90  90  90  90  90  90  90  90  90  90  90  90
  90  90  90  90  90  90  98  98  98  98  98  98  98  98  98  98  98  98
  98  98  98  98  98  98  98  98  98  98  98  98  98  98  98  98  98  98
  98  98  98  98  98  98  98  98  98  98 106 106 106 106 106 106 106 106
 106 106 106 106 106 106 106 106 106 106 106 106 106 106 106 106 106 106
 106 106 106 106 106 106 106 106 106 106 106 106 106 106 113 113 113 113
 113 113 113 113 113 113 113 113 113 113 113 113 113 113 113 113 113 113
 113 113 113 113 113 113 113 113 113 113 113 113 113 113 113 113 113 113
 121 121 121 121 121 121 121 121 121 121 121 121 121 121 121 121 121 121
 121 121 121 121 121 121 121 121 121 121 121 121 121 121 121 121 121 121
 121 121 121 121 130 130 130 130 130 130 130 130 130 130 130 130 130 130
 130 130 130 130 130 130 130 130 130 130 130 130 130 130 130 130 130 130
 130 130 130 130 130 130 130 130 138 138 138 138 138 138 138 138 138 138
 138 138 138 138 138 138 138 138 138 138 138 138 138 138 138 138 138 138
 138 138 138 138 138 138 138 138 138 138 138 138 146 146 146 146 146 146
 146 146 146 146 146 146 146 146 146 146 146 146 146 146 146 146 146 146
 146 146 146 146 146 146 146 146 146 146 146 146 146 146 146 146 153 153
 153 153 153 153 153 153 153 153 153 153 153 153 153 153 153 153 153 153
 153 153 153 153 153 153 153 153 153 153 153 153 153 153 153 153 153 153
 153 153 161 161 161 161 161 161 161 161 161 161 161 161 161 161 161 161
 161 161 161 161 161 161 161 161 161 161 161 161 161 161 161 161 161 161
 161 161 161 161 161 161 170 170 170 170 170 170 170 170 170 170 170 170
 170 170 170 170 170 170 170 170 170 170 170 170 170 170 170 170 170 170
 170 170 170 170 170 170 170 170 170 170 178 178 178 178 178 178 178 178
 178 178 178 178 178 178 178 178 178 178 178 178 178 178 178 178 178 178
 178 178 178 178 178 178 178 178 178 178 178 178 178 178 186 186 186 186
 186 186 186 186 186 186 186 186 186 186 186 186 186 186 186 186 186 186
 186 186 186 186 186 186 186 186 186 186 186 186 186 186 186 186 186 186
 193 193 193 193 193 193 193 193 193 193 193 193 193 193 193 193 193 193
 193 193 193 193 193 193 193 193 193 193 193 193 193 193 193 193 193 193
 193 193 193 193 202 202 202 202 202 202 202 202 202 202 202 202 202 202
 202 202 202 202 202 202 202 202 202 202 202 202 202 202 202 202 202 202
 202 202 202 202 202 202 202 202 210 210 210 210 210 210 210 210 210 210
 210 210 210 210 210 210 210 210 210 210 210 210 210 210 210 210 210 210
 210 210 210 210 210 210 210 210 210 210 210 210 217 217 217 217 217 217
 217 217 217 217 217 217 217 217 217 217 217 217 217 217 217 217 217 217
 217 217 217 217 217 217 217 217 217 217 217 217 217 217 217 217 226 226
 226 226 226 226 226 226 226 226 226 226 226 226 226 226 226 226 226 226
 226 226 226 226 226 226 226 226 226 226 226 226 226 226 226 226 226 226
 226 226 233 233 233 233 233 233 233 233 233 233 233 233 233 233 233 233
 233 233 233 233 233 233 233 233 233 233 233 233 233 233 233 233 233 233
 233 233 233 233 233 233 242 242 242 242 242 242 242 242 242 242 242 242
 242 242 242 242 242 242 242 242 242 242 242 242 242 242 242 242 242 242
 242 242 242 242 242 242 242 242 242 242]
2025-02-20 14:33:16,998 - sorted_coords:
2025-02-20 14:33:16,998 - [[768.74 498.05]
 [769.14 498.05]
 [769.54 498.05]
 ...
 [771.54 517.25]
 [771.94 517.25]
 [772.34 517.25]]
2025-02-20 14:33:16,999 - 
Validation Results:
2025-02-20 14:33:16,999 - Total coordinates: Original=1000, Distributed=1000
2025-02-20 14:33:16,999 - Distribution segments: Coordinates=25, Scanlines=26
2025-02-20 14:33:16,999 - Total scanlines: Calculated=500, Expected=500
2025-02-20 14:33:17,000 - 
開始局部 Multi-STS CITS 量測:
2025-02-20 14:33:17,000 - 腳本名稱: 20250219_script_001
2025-02-20 14:33:17,000 - 局部區域數: 3
2025-02-20 14:33:17,000 - 掃描線分配: [50, 8, 8, 7, 8, 9, 8, 8, 7, 8, 9, 8, 8, 7, 8, 9, 8, 8, 7, 9, 8, 7, 9, 7, 9, 258]
2025-02-20 14:33:17,000 - 總量測點數: 1000
2025-02-20 14:33:17,000 - 
=== 掃描第 1 段 50 條線 ===
2025-02-20 14:33:17,000 - 開始掃描 50 條線
2025-02-20 14:33:17,001 - Sending command: ScanLine(50);
2025-02-20 14:33:17,006 - Scan started at 2025-02-20 14:33:17.006379
2025-02-20 14:33:17,006 - Response: 1
2025-02-20 14:33:17,007 - Sending command: a := 0.0;
a := GetScanPara('Scan');
Writeln(a);
2025-02-20 14:33:18,190 - Response: b'f1\r\n'
2025-02-20 14:33:18,190 - Scanning: forward line 1
2025-02-20 14:33:20,529 - Sending command: a := 0.0;
a := GetScanPara('Scan');
Writeln(a);
2025-02-20 14:33:20,874 - Response: b'f2\r\n'
2025-02-20 14:33:20,874 - Scanning: forward line 2
2025-02-20 14:33:23,211 - Sending command: a := 0.0;
a := GetScanPara('Scan');
Writeln(a);
2025-02-20 14:33:23,544 - Response: b'f3\r\n'
2025-02-20 14:33:23,544 - Scanning: forward line 3
2025-02-20 14:33:25,880 - Sending command: a := 0.0;
a := GetScanPara('Scan');
Writeln(a);
2025-02-20 14:33:26,218 - Response: b'f4\r\n'
2025-02-20 14:33:26,218 - Scanning: forward line 4
2025-02-20 14:33:28,559 - Sending command: a := 0.0;
a := GetScanPara('Scan');
Writeln(a);
2025-02-20 14:33:28,904 - Response: b'f5\r\n'
2025-02-20 14:33:28,904 - Scanning: forward line 5
2025-02-20 14:33:31,240 - Sending command: a := 0.0;
a := GetScanPara('Scan');
Writeln(a);
2025-02-20 14:33:31,575 - Response: b'f6\r\n'
2025-02-20 14:33:31,576 - Scanning: forward line 6
2025-02-20 14:33:33,906 - Sending command: a := 0.0;
a := GetScanPara('Scan');
Writeln(a);
2025-02-20 14:33:34,242 - Response: b'f7\r\n'
2025-02-20 14:33:34,242 - Scanning: forward line 7
2025-02-20 14:33:36,577 - Sending command: a := 0.0;
a := GetScanPara('Scan');
Writeln(a);
2025-02-20 14:33:36,921 - Response: b'f8\r\n'
2025-02-20 14:33:36,922 - Scanning: forward line 8
2025-02-20 14:33:39,258 - Sending command: a := 0.0;
a := GetScanPara('Scan');
Writeln(a);
2025-02-20 14:33:39,603 - Response: b'f9\r\n'
2025-02-20 14:33:39,603 - Scanning: forward line 9
2025-02-20 14:33:41,942 - Sending command: a := 0.0;
a := GetScanPara('Scan');
Writeln(a);
2025-02-20 14:33:42,286 - Response: b'f10\r\n'
2025-02-20 14:33:42,287 - Scanning: forward line 10
2025-02-20 14:33:44,625 - Sending command: a := 0.0;
a := GetScanPara('Scan');
Writeln(a);
2025-02-20 14:33:44,976 - Response: b'f11\r\n'
2025-02-20 14:33:44,976 - Scanning: forward line 11
2025-02-20 14:33:47,313 - Sending command: a := 0.0;
a := GetScanPara('Scan');
Writeln(a);
2025-02-20 14:33:47,657 - Response: b'f12\r\n'
2025-02-20 14:33:47,658 - Scanning: forward line 12
2025-02-20 14:33:49,996 - Sending command: a := 0.0;
a := GetScanPara('Scan');
Writeln(a);
2025-02-20 14:33:50,343 - Response: b'f13\r\n'
2025-02-20 14:33:50,343 - Scanning: forward line 13
2025-02-20 14:33:52,680 - Sending command: a := 0.0;
a := GetScanPara('Scan');
Writeln(a);
2025-02-20 14:33:53,025 - Response: b'f14\r\n'
2025-02-20 14:33:53,025 - Scanning: forward line 14
2025-02-20 14:33:55,366 - Sending command: a := 0.0;
a := GetScanPara('Scan');
Writeln(a);
2025-02-20 14:33:55,710 - Response: b'f15\r\n'
2025-02-20 14:33:55,710 - Scanning: forward line 15
2025-02-20 14:33:58,050 - Sending command: a := 0.0;
a := GetScanPara('Scan');
Writeln(a);
2025-02-20 14:33:58,394 - Response: b'f16\r\n'
2025-02-20 14:33:58,395 - Scanning: forward line 16
2025-02-20 14:34:00,732 - Sending command: a := 0.0;
a := GetScanPara('Scan');
Writeln(a);
2025-02-20 14:34:01,077 - Response: b'f17\r\n'
2025-02-20 14:34:01,078 - Scanning: forward line 17
2025-02-20 14:34:03,417 - Sending command: a := 0.0;
a := GetScanPara('Scan');
Writeln(a);
2025-02-20 14:34:03,761 - Response: b'f18\r\n'
2025-02-20 14:34:03,762 - Scanning: forward line 18
2025-02-20 14:34:06,099 - Sending command: a := 0.0;
a := GetScanPara('Scan');
Writeln(a);
2025-02-20 14:34:06,443 - Response: b'f19\r\n'
2025-02-20 14:34:06,443 - Scanning: forward line 19
2025-02-20 14:34:08,784 - Sending command: a := 0.0;
a := GetScanPara('Scan');
Writeln(a);
2025-02-20 14:34:09,126 - Response: b'f20\r\n'
2025-02-20 14:34:09,126 - Scanning: forward line 20
2025-02-20 14:34:11,464 - Sending command: a := 0.0;
a := GetScanPara('Scan');
Writeln(a);
2025-02-20 14:34:11,808 - Response: b'f21\r\n'
2025-02-20 14:34:11,809 - Scanning: forward line 21
2025-02-20 14:34:14,148 - Sending command: a := 0.0;
a := GetScanPara('Scan');
Writeln(a);
2025-02-20 14:34:14,493 - Response: b'f22\r\n'
2025-02-20 14:34:14,493 - Scanning: forward line 22
2025-02-20 14:34:16,831 - Sending command: a := 0.0;
a := GetScanPara('Scan');
Writeln(a);
2025-02-20 14:34:17,174 - Response: b'f23\r\n'
2025-02-20 14:34:17,174 - Scanning: forward line 23
2025-02-20 14:34:19,513 - Sending command: a := 0.0;
a := GetScanPara('Scan');
Writeln(a);
2025-02-20 14:34:19,857 - Response: b'f24\r\n'
2025-02-20 14:34:19,858 - Scanning: forward line 24
2025-02-20 14:34:22,197 - Sending command: a := 0.0;
a := GetScanPara('Scan');
Writeln(a);
2025-02-20 14:34:22,540 - Response: b'f25\r\n'
2025-02-20 14:34:22,540 - Scanning: forward line 25
2025-02-20 14:34:24,884 - Sending command: a := 0.0;
a := GetScanPara('Scan');
Writeln(a);
2025-02-20 14:34:25,225 - Response: b'f26\r\n'
2025-02-20 14:34:25,225 - Scanning: forward line 26
2025-02-20 14:34:27,564 - Sending command: a := 0.0;
a := GetScanPara('Scan');
Writeln(a);
2025-02-20 14:34:27,908 - Response: b'f27\r\n'
2025-02-20 14:34:27,908 - Scanning: forward line 27
2025-02-20 14:34:30,246 - Sending command: a := 0.0;
a := GetScanPara('Scan');
Writeln(a);
2025-02-20 14:34:30,590 - Response: b'f28\r\n'
2025-02-20 14:34:30,590 - Scanning: forward line 28
2025-02-20 14:34:32,929 - Sending command: a := 0.0;
a := GetScanPara('Scan');
Writeln(a);
2025-02-20 14:34:33,272 - Response: b'f29\r\n'
2025-02-20 14:34:33,272 - Scanning: forward line 29
2025-02-20 14:34:35,610 - Sending command: a := 0.0;
a := GetScanPara('Scan');
Writeln(a);
2025-02-20 14:34:35,953 - Response: b'f30\r\n'
2025-02-20 14:34:35,953 - Scanning: forward line 30
2025-02-20 14:34:38,297 - Sending command: a := 0.0;
a := GetScanPara('Scan');
Writeln(a);
2025-02-20 14:34:38,641 - Response: b'f31\r\n'
2025-02-20 14:34:38,641 - Scanning: forward line 31
2025-02-20 14:34:40,980 - Sending command: a := 0.0;
a := GetScanPara('Scan');
Writeln(a);
2025-02-20 14:34:41,323 - Response: b'f32\r\n'
2025-02-20 14:34:41,324 - Scanning: forward line 32
2025-02-20 14:34:43,666 - Sending command: a := 0.0;
a := GetScanPara('Scan');
Writeln(a);
2025-02-20 14:34:44,008 - Response: b'f33\r\n'
2025-02-20 14:34:44,009 - Scanning: forward line 33
2025-02-20 14:34:46,347 - Sending command: a := 0.0;
a := GetScanPara('Scan');
Writeln(a);
2025-02-20 14:34:46,690 - Response: b'f34\r\n'
2025-02-20 14:34:46,690 - Scanning: forward line 34
2025-02-20 14:34:49,028 - Sending command: a := 0.0;
a := GetScanPara('Scan');
Writeln(a);
2025-02-20 14:34:49,370 - Response: b'f35\r\n'
2025-02-20 14:34:49,371 - Scanning: forward line 35
2025-02-20 14:34:51,710 - Sending command: a := 0.0;
a := GetScanPara('Scan');
Writeln(a);
2025-02-20 14:34:52,052 - Response: b'f36\r\n'
2025-02-20 14:34:52,053 - Scanning: forward line 36
2025-02-20 14:34:54,391 - Sending command: a := 0.0;
a := GetScanPara('Scan');
Writeln(a);
2025-02-20 14:34:54,735 - Response: b'f37\r\n'
2025-02-20 14:34:54,735 - Scanning: forward line 37
2025-02-20 14:34:57,075 - Sending command: a := 0.0;
a := GetScanPara('Scan');
Writeln(a);
2025-02-20 14:34:57,417 - Response: b'f38\r\n'
2025-02-20 14:34:57,417 - Scanning: forward line 38
2025-02-20 14:34:59,756 - Sending command: a := 0.0;
a := GetScanPara('Scan');
Writeln(a);
2025-02-20 14:35:00,106 - Response: b'f39\r\n'
2025-02-20 14:35:00,106 - Scanning: forward line 39
2025-02-20 14:35:02,443 - Sending command: a := 0.0;
a := GetScanPara('Scan');
Writeln(a);
2025-02-20 14:35:02,787 - Response: b'f40\r\n'
2025-02-20 14:35:02,787 - Scanning: forward line 40
2025-02-20 14:35:05,125 - Sending command: a := 0.0;
a := GetScanPara('Scan');
Writeln(a);
2025-02-20 14:35:05,473 - Response: b'f41\r\n'
2025-02-20 14:35:05,474 - Scanning: forward line 41
2025-02-20 14:35:07,809 - Sending command: a := 0.0;
a := GetScanPara('Scan');
Writeln(a);
2025-02-20 14:35:08,152 - Response: b'f42\r\n'
2025-02-20 14:35:08,152 - Scanning: forward line 42
2025-02-20 14:35:10,489 - Sending command: a := 0.0;
a := GetScanPara('Scan');
Writeln(a);
2025-02-20 14:35:10,832 - Response: b'f43\r\n'
2025-02-20 14:35:10,832 - Scanning: forward line 43
2025-02-20 14:35:13,172 - Sending command: a := 0.0;
a := GetScanPara('Scan');
Writeln(a);
2025-02-20 14:35:13,515 - Response: b'f44\r\n'
2025-02-20 14:35:13,515 - Scanning: forward line 44
2025-02-20 14:35:15,852 - Sending command: a := 0.0;
a := GetScanPara('Scan');
Writeln(a);
2025-02-20 14:35:16,196 - Response: b'f45\r\n'
2025-02-20 14:35:16,196 - Scanning: forward line 45
2025-02-20 14:35:18,535 - Sending command: a := 0.0;
a := GetScanPara('Scan');
Writeln(a);
2025-02-20 14:35:18,879 - Response: b'f46\r\n'
2025-02-20 14:35:18,879 - Scanning: forward line 46
2025-02-20 14:35:21,217 - Sending command: a := 0.0;
a := GetScanPara('Scan');
Writeln(a);
2025-02-20 14:35:21,560 - Response: b'f47\r\n'
2025-02-20 14:35:21,560 - Scanning: forward line 47
2025-02-20 14:35:23,898 - Sending command: a := 0.0;
a := GetScanPara('Scan');
Writeln(a);
2025-02-20 14:35:24,243 - Response: b'f48\r\n'
2025-02-20 14:35:24,244 - Scanning: forward line 48
2025-02-20 14:35:26,580 - Sending command: a := 0.0;
a := GetScanPara('Scan');
Writeln(a);
2025-02-20 14:35:26,924 - Response: b'f49\r\n'
2025-02-20 14:35:26,924 - Scanning: forward line 49
2025-02-20 14:35:29,262 - Sending command: a := 0.0;
a := GetScanPara('Scan');
Writeln(a);
2025-02-20 14:35:29,606 - Response: b'f50\r\n'
2025-02-20 14:35:29,606 - Scanning: forward line 50
2025-02-20 14:35:31,945 - Sending command: a := 0.0;
a := GetScanPara('Scan');
Writeln(a);
2025-02-20 14:35:31,945 - Scan finished at 2025-02-20 14:35:31.945032
2025-02-20 14:35:31,946 - Response: b'DDE Cmd 74\r\n'
2025-02-20 14:35:31,946 - Scan completed
2025-02-20 14:35:32,447 - 掃描完成
2025-02-20 14:35:32,447 - 
>>> 執行第 1/25 群組的 Multi-STS 量測
2025-02-20 14:35:32,447 -   Multi-STS點 (1/40): (768.740, 498.050)
2025-02-20 14:35:32,447 - Sending command: SpectPara(1, 768.74);
2025-02-20 14:35:32,447 - Response: b'DDE Cmd 75\r\n0\r\n'
2025-02-20 14:35:32,448 - Sending command: SpectPara(2, 498.04999999999995);
2025-02-20 14:35:32,454 - Response: b'DDE Cmd 77\r\n'
2025-02-20 14:35:32,455 - Sending command: SpectPara(1, 768.74);
2025-02-20 14:35:32,460 - Response: b'DDE Cmd 78\r\n'
2025-02-20 14:35:32,460 - Sending command: SpectPara(2, 498.04999999999995);
2025-02-20 14:35:32,467 - Response: b'DDE Cmd 79\r\n'
2025-02-20 14:35:32,467 - Sending command: a := 0.0;
a := GetFeedPara('Enable');
Writeln(a);
2025-02-20 14:35:32,469 - Response: b'DDE Cmd 80\r\n0\r\n'
2025-02-20 14:35:32,470 - current state type:
2025-02-20 14:35:32,470 - <class 'float'>
2025-02-20 14:35:32,470 - current state:
2025-02-20 14:35:32,470 - 0.0
2025-02-20 14:35:32,500 - Sending command: SpectStart;
2025-02-20 14:35:36,519 - Response: b'DDE Cmd 81\r\n'
2025-02-20 14:35:36,519 - Sending command: FeedPara('ZOffset', 0.0);
2025-02-20 14:35:36,527 - Response: b'DDE Cmd 82\r\n'
2025-02-20 14:35:36,527 - Sending command: FeedPara('Enable', 1);
2025-02-20 14:35:36,534 - Response: b'DDE Cmd 83\r\n'
2025-02-20 14:35:36,535 - Sending command: a := 0.0;
a := GetFeedPara('Enable');
Writeln(a);
2025-02-20 14:35:36,537 - Response: b'DDE Cmd 84\r\n1\r\n'
2025-02-20 14:35:36,537 - Sending command: FeedPara('Enable', 1);
2025-02-20 14:35:36,539 - Response: b'DDE Cmd 85\r\n'
2025-02-20 14:35:36,539 - Sending command: a := 0.0;
a := GetFeedPara('Enable');
Writeln(a);
2025-02-20 14:35:36,541 - Response: b'DDE Cmd 86\r\n1\r\n'
2025-02-20 14:35:36,541 - Feedback off
2025-02-20 14:35:36,555 - Sending command: SpectStart;
2025-02-20 14:35:39,761 - Response: b'DDE Cmd 87\r\n'
2025-02-20 14:35:39,775 - Sending command: SpectStart;
2025-02-20 14:35:42,961 - Response: b'DDE Cmd 88\r\n'
2025-02-20 14:35:42,975 - Sending command: SpectStart;
2025-02-20 14:35:46,152 - Response: b'DDE Cmd 89\r\n'
2025-02-20 14:35:46,166 - Sending command: SpectStart;
2025-02-20 14:35:49,354 - Response: b'DDE Cmd 90\r\n'
2025-02-20 14:35:49,370 - Sending command: SpectStart;
2025-02-20 14:35:52,558 - Response: b'DDE Cmd 91\r\n'
2025-02-20 14:35:52,572 - Sending command: SpectStart;
2025-02-20 14:35:55,753 - Response: b'DDE Cmd 92\r\n'
2025-02-20 14:35:55,794 - Sending command: SpectStart;
2025-02-20 14:35:58,982 - Response: b'DDE Cmd 93\r\n'
2025-02-20 14:35:58,995 - Sending command: FeedPara('Enable', 0);
2025-02-20 14:35:59,002 - Response: b'DDE Cmd 94\r\n'
2025-02-20 14:35:59,003 - Sending command: a := 0.0;
a := GetFeedPara('Enable');
Writeln(a);
2025-02-20 14:35:59,004 - Response: b'DDE Cmd 95\r\n0\r\n'
2025-02-20 14:35:59,005 - Sending command: FeedPara('Enable', 0);
2025-02-20 14:35:59,010 - Response: b'DDE Cmd 96\r\n'
2025-02-20 14:35:59,010 - Sending command: a := 0.0;
a := GetFeedPara('Enable');
Writeln(a);
2025-02-20 14:35:59,013 - Response: b'DDE Cmd 97\r\n0\r\n'
2025-02-20 14:35:59,013 - Feedback on
2025-02-20 14:35:59,013 - Sending command: FeedPara('ZOffset', 10);
2025-02-20 14:35:59,020 - Response: b'DDE Cmd 98\r\n'
2025-02-20 14:35:59,020 - Feedback recover to 0
2025-02-20 14:35:59,021 -   Multi-STS點 (2/40): (769.140, 498.050)
2025-02-20 14:35:59,021 - Sending command: SpectPara(1, 769.14);
2025-02-20 14:35:59,026 - Response: b'DDE Cmd 99\r\n'
2025-02-20 14:35:59,026 - Sending command: SpectPara(2, 498.04999999999995);
2025-02-20 14:35:59,034 - Response: b'DDE Cmd 100\r\n'
2025-02-20 14:35:59,035 - Sending command: SpectPara(1, 769.14);
2025-02-20 14:35:59,040 - Response: b'DDE Cmd 101\r\n'
2025-02-20 14:35:59,040 - Sending command: SpectPara(2, 498.04999999999995);
2025-02-20 14:35:59,044 - Response: b'DDE Cmd 102\r\n'
2025-02-20 14:35:59,045 - Sending command: a := 0.0;
a := GetFeedPara('Enable');
Writeln(a);
2025-02-20 14:35:59,047 - Response: b'DDE Cmd 103\r\n0\r\n'
2025-02-20 14:35:59,047 - current state type:
2025-02-20 14:35:59,047 - <class 'float'>
2025-02-20 14:35:59,047 - current state:
2025-02-20 14:35:59,047 - 0.0
2025-02-20 14:35:59,162 - Sending command: SpectStart;
2025-02-20 14:36:02,357 - Response: b'DDE Cmd 104\r\n'
2025-02-20 14:36:02,357 - Sending command: FeedPara('ZOffset', 0.0);
2025-02-20 14:36:02,359 - Response: b'DDE Cmd 105\r\n'
2025-02-20 14:36:02,359 - Sending command: FeedPara('Enable', 1);
2025-02-20 14:36:02,363 - Response: b'DDE Cmd 106\r\n'
2025-02-20 14:36:02,363 - Sending command: a := 0.0;
a := GetFeedPara('Enable');
Writeln(a);
2025-02-20 14:36:02,366 - Response: b'DDE Cmd 107\r\n1\r\n'
2025-02-20 14:36:02,366 - Sending command: FeedPara('Enable', 1);
2025-02-20 14:36:02,368 - Response: b'DDE Cmd 108\r\n'
2025-02-20 14:36:02,368 - Sending command: a := 0.0;
a := GetFeedPara('Enable');
Writeln(a);
2025-02-20 14:36:02,370 - Response: b'DDE Cmd 109\r\n1\r\n'
2025-02-20 14:36:02,370 - Feedback off
2025-02-20 14:36:02,384 - Sending command: SpectStart;
2025-02-20 14:36:05,569 - Response: b'DDE Cmd 110\r\n'
2025-02-20 14:36:05,583 - Sending command: SpectStart;
2025-02-20 14:36:08,675 - Response: b'DDE Cmd 111\r\n'
2025-02-20 14:36:08,714 - Sending command: SpectStart;
2025-02-20 14:36:11,905 - Response: b'DDE Cmd 112\r\n'
2025-02-20 14:36:11,918 - Sending command: SpectStart;
2025-02-20 14:36:15,107 - Response: b'DDE Cmd 113\r\n'
2025-02-20 14:36:15,121 - Sending command: SpectStart;
2025-02-20 14:36:18,320 - Response: b'DDE Cmd 114\r\n'
2025-02-20 14:36:18,334 - Sending command: SpectStart;
2025-02-20 14:36:21,537 - Response: b'DDE Cmd 115\r\n'
2025-02-20 14:36:21,550 - Sending command: SpectStart;
2025-02-20 14:36:24,754 - Response: b'DDE Cmd 116\r\n'
2025-02-20 14:36:24,765 - Sending command: FeedPara('Enable', 0);
2025-02-20 14:36:24,768 - Response: b'DDE Cmd 117\r\n'
2025-02-20 14:36:24,768 - Sending command: a := 0.0;
a := GetFeedPara('Enable');
Writeln(a);
2025-02-20 14:36:24,770 - Response: b'DDE Cmd 118\r\n0\r\n'
2025-02-20 14:36:24,771 - Sending command: FeedPara('Enable', 0);
2025-02-20 14:36:24,774 - Response: b'DDE Cmd 119\r\n'
2025-02-20 14:36:24,774 - Sending command: a := 0.0;
a := GetFeedPara('Enable');
Writeln(a);
2025-02-20 14:36:24,777 - Response: b'DDE Cmd 120\r\n0\r\n'
2025-02-20 14:36:24,777 - Feedback on
2025-02-20 14:36:24,777 - Sending command: FeedPara('ZOffset', 10);
2025-02-20 14:36:24,779 - Response: b'DDE Cmd 121\r\n'
2025-02-20 14:36:24,780 - Feedback recover to 0
2025-02-20 14:36:24,780 -   Multi-STS點 (3/40): (769.540, 498.050)
2025-02-20 14:36:24,780 - Sending command: SpectPara(1, 769.54);
2025-02-20 14:36:24,788 - Response: b'DDE Cmd 122\r\n'
2025-02-20 14:36:24,788 - Sending command: SpectPara(2, 498.04999999999995);
2025-02-20 14:36:24,793 - Response: b'DDE Cmd 123\r\n'
2025-02-20 14:36:24,793 - Sending command: SpectPara(1, 769.54);
2025-02-20 14:36:24,798 - Response: b'DDE Cmd 124\r\n'
2025-02-20 14:36:24,798 - Sending command: SpectPara(2, 498.04999999999995);
2025-02-20 14:36:24,802 - Response: b'DDE Cmd 125\r\n'
2025-02-20 14:36:24,803 - Sending command: a := 0.0;
a := GetFeedPara('Enable');
Writeln(a);
2025-02-20 14:36:24,805 - Response: b'DDE Cmd 126\r\n0\r\n'
2025-02-20 14:36:24,805 - current state type:
2025-02-20 14:36:24,805 - <class 'float'>
2025-02-20 14:36:24,805 - current state:
2025-02-20 14:36:24,805 - 0.0
2025-02-20 14:36:24,934 - Sending command: SpectStart;
2025-02-20 14:36:28,139 - Response: b'DDE Cmd 127\r\n'
2025-02-20 14:36:28,139 - Sending command: FeedPara('ZOffset', 0.0);
2025-02-20 14:36:28,141 - Response: b'DDE Cmd 128\r\n'
2025-02-20 14:36:28,141 - Sending command: FeedPara('Enable', 1);
2025-02-20 14:36:28,145 - Response: b'DDE Cmd 129\r\n'
2025-02-20 14:36:28,145 - Sending command: a := 0.0;
a := GetFeedPara('Enable');
Writeln(a);
2025-02-20 14:36:28,149 - Response: b'DDE Cmd 130\r\n1\r\n'
2025-02-20 14:36:28,149 - Sending command: FeedPara('Enable', 1);
2025-02-20 14:36:28,151 - Response: b'DDE Cmd 131\r\n'
2025-02-20 14:36:28,151 - Sending command: a := 0.0;
a := GetFeedPara('Enable');
Writeln(a);
2025-02-20 14:36:28,153 - Response: b'DDE Cmd 132\r\n1\r\n'
2025-02-20 14:36:28,153 - Feedback off
2025-02-20 14:36:28,167 - Sending command: SpectStart;
2025-02-20 14:36:31,357 - Response: b'DDE Cmd 133\r\n'
2025-02-20 14:36:31,372 - Sending command: SpectStart;
2025-02-20 14:36:34,474 - Response: b'DDE Cmd 134\r\n'
2025-02-20 14:36:34,488 - Sending command: SpectStart;
2025-02-20 14:36:37,601 - Response: b'DDE Cmd 135\r\n'
2025-02-20 14:36:37,615 - Sending command: SpectStart;
2025-02-20 14:36:40,814 - Response: b'DDE Cmd 136\r\n'
2025-02-20 14:36:40,828 - Sending command: SpectStart;
2025-02-20 14:36:44,016 - Response: b'DDE Cmd 137\r\n'
2025-02-20 14:36:44,030 - Sending command: SpectStart;
2025-02-20 14:36:47,235 - Response: b'DDE Cmd 138\r\n'
2025-02-20 14:36:47,249 - Sending command: SpectStart;
2025-02-20 14:36:50,445 - Response: b'DDE Cmd 139\r\n'
2025-02-20 14:36:50,458 - Sending command: FeedPara('Enable', 0);
2025-02-20 14:36:50,460 - Response: b'DDE Cmd 140\r\n'
2025-02-20 14:36:50,460 - Sending command: a := 0.0;
a := GetFeedPara('Enable');
Writeln(a);
2025-02-20 14:36:50,463 - Response: b'DDE Cmd 141\r\n0\r\n'
2025-02-20 14:36:50,463 - Sending command: FeedPara('Enable', 0);
2025-02-20 14:36:50,465 - Response: b'DDE Cmd 142\r\n'
2025-02-20 14:36:50,465 - Sending command: a := 0.0;
a := GetFeedPara('Enable');
Writeln(a);
2025-02-20 14:36:50,468 - Response: b'DDE Cmd 143\r\n0\r\n'
2025-02-20 14:36:50,468 - Feedback on
2025-02-20 14:36:50,468 - Sending command: FeedPara('ZOffset', 10);
2025-02-20 14:36:50,470 - Response: b'DDE Cmd 144\r\n'
2025-02-20 14:36:50,470 - Feedback recover to 0
2025-02-20 14:36:50,470 -   Multi-STS點 (4/40): (769.940, 498.050)
2025-02-20 14:36:50,470 - Sending command: SpectPara(1, 769.94);
2025-02-20 14:36:50,478 - Response: b'DDE Cmd 145\r\n'
2025-02-20 14:36:50,478 - Sending command: SpectPara(2, 498.04999999999995);
2025-02-20 14:36:50,483 - Response: b'DDE Cmd 146\r\n'
2025-02-20 14:36:50,483 - Sending command: SpectPara(1, 769.94);
2025-02-20 14:36:50,489 - Response: b'DDE Cmd 147\r\n'
2025-02-20 14:36:50,489 - Sending command: SpectPara(2, 498.04999999999995);
2025-02-20 14:36:50,493 - Response: b'DDE Cmd 148\r\n'
2025-02-20 14:36:50,494 - Sending command: a := 0.0;
a := GetFeedPara('Enable');
Writeln(a);
2025-02-20 14:36:50,496 - Response: b'DDE Cmd 149\r\n0\r\n'
2025-02-20 14:36:50,496 - current state type:
2025-02-20 14:36:50,496 - <class 'float'>
2025-02-20 14:36:50,496 - current state:
2025-02-20 14:36:50,496 - 0.0
2025-02-20 14:36:50,635 - Sending command: SpectStart;
2025-02-20 14:36:53,837 - Response: b'DDE Cmd 150\r\n'
2025-02-20 14:36:53,837 - Sending command: FeedPara('ZOffset', 0.0);
2025-02-20 14:36:53,839 - Response: b'DDE Cmd 151\r\n'
2025-02-20 14:36:53,840 - Sending command: FeedPara('Enable', 1);
2025-02-20 14:36:53,843 - Response: b'DDE Cmd 152\r\n'
2025-02-20 14:36:53,843 - Sending command: a := 0.0;
a := GetFeedPara('Enable');
Writeln(a);
2025-02-20 14:36:53,845 - Response: b'DDE Cmd 153\r\n1\r\n'
2025-02-20 14:36:53,845 - Sending command: FeedPara('Enable', 1);
2025-02-20 14:36:53,847 - Response: b'DDE Cmd 154\r\n'
2025-02-20 14:36:53,847 - Sending command: a := 0.0;
a := GetFeedPara('Enable');
Writeln(a);
2025-02-20 14:36:53,849 - Response: b'DDE Cmd 155\r\n1\r\n'
2025-02-20 14:36:53,849 - Feedback off
2025-02-20 14:36:53,862 - Sending command: SpectStart;
2025-02-20 14:36:57,063 - Response: b'DDE Cmd 156\r\n'
2025-02-20 14:36:57,077 - Sending command: SpectStart;
2025-02-20 14:37:00,259 - Response: b'DDE Cmd 157\r\n'
2025-02-20 14:37:00,273 - Sending command: SpectStart;
2025-02-20 14:37:03,468 - Response: b'DDE Cmd 158\r\n'
2025-02-20 14:37:03,482 - Sending command: SpectStart;
2025-02-20 14:37:06,584 - Response: b'DDE Cmd 159\r\n'
2025-02-20 14:37:06,598 - Sending command: SpectStart;
2025-02-20 14:37:09,782 - Response: b'DDE Cmd 160\r\n'
2025-02-20 14:37:09,797 - Sending command: SpectStart;
2025-02-20 14:37:12,982 - Response: b'DDE Cmd 161\r\n'
2025-02-20 14:37:12,996 - Sending command: SpectStart;
2025-02-20 14:37:16,183 - Response: b'DDE Cmd 162\r\n'
2025-02-20 14:37:16,195 - Sending command: FeedPara('Enable', 0);
2025-02-20 14:37:16,198 - Response: b'DDE Cmd 163\r\n'
2025-02-20 14:37:16,198 - Sending command: a := 0.0;
a := GetFeedPara('Enable');
Writeln(a);
2025-02-20 14:37:16,200 - Response: b'DDE Cmd 164\r\n0\r\n'
2025-02-20 14:37:16,200 - Sending command: FeedPara('Enable', 0);
2025-02-20 14:37:16,202 - Response: b'DDE Cmd 165\r\n'
2025-02-20 14:37:16,202 - Sending command: a := 0.0;
a := GetFeedPara('Enable');
Writeln(a);
2025-02-20 14:37:16,204 - Response: b'DDE Cmd 166\r\n0\r\n'
2025-02-20 14:37:16,205 - Feedback on
2025-02-20 14:37:16,205 - Sending command: FeedPara('ZOffset', 10);
2025-02-20 14:37:16,207 - Response: b'DDE Cmd 167\r\n'
2025-02-20 14:37:16,207 - Feedback recover to 0
2025-02-20 14:37:16,207 -   Multi-STS點 (5/40): (770.340, 498.050)
2025-02-20 14:37:16,207 - Sending command: SpectPara(1, 770.34);
2025-02-20 14:37:16,216 - Response: b'DDE Cmd 168\r\n'
2025-02-20 14:37:16,216 - Sending command: SpectPara(2, 498.04999999999995);
2025-02-20 14:37:16,222 - Response: b'DDE Cmd 169\r\n'
2025-02-20 14:37:16,222 - Sending command: SpectPara(1, 770.34);
2025-02-20 14:37:16,227 - Response: b'DDE Cmd 170\r\n'
2025-02-20 14:37:16,227 - Sending command: SpectPara(2, 498.04999999999995);
2025-02-20 14:37:16,232 - Response: b'DDE Cmd 171\r\n'
2025-02-20 14:37:16,232 - Sending command: a := 0.0;
a := GetFeedPara('Enable');
Writeln(a);
2025-02-20 14:37:16,234 - Response: b'DDE Cmd 172\r\n0\r\n'
2025-02-20 14:37:16,234 - current state type:
2025-02-20 14:37:16,234 - <class 'float'>
2025-02-20 14:37:16,234 - current state:
2025-02-20 14:37:16,234 - 0.0
2025-02-20 14:37:16,361 - Sending command: SpectStart;
2025-02-20 14:37:19,575 - Response: b'DDE Cmd 173\r\n'
2025-02-20 14:37:19,576 - Sending command: FeedPara('ZOffset', 0.0);
2025-02-20 14:37:19,578 - Response: b'DDE Cmd 174\r\n'
2025-02-20 14:37:19,578 - Sending command: FeedPara('Enable', 1);
2025-02-20 14:37:19,582 - Response: b'DDE Cmd 175\r\n'
2025-02-20 14:37:19,582 - Sending command: a := 0.0;
a := GetFeedPara('Enable');
Writeln(a);
2025-02-20 14:37:19,584 - Response: b'DDE Cmd 176\r\n1\r\n'
2025-02-20 14:37:19,584 - Sending command: FeedPara('Enable', 1);
2025-02-20 14:37:19,587 - Response: b'DDE Cmd 177\r\n'
2025-02-20 14:37:19,587 - Sending command: a := 0.0;
a := GetFeedPara('Enable');
Writeln(a);
2025-02-20 14:37:19,590 - Response: b'DDE Cmd 178\r\n1\r\n'
2025-02-20 14:37:19,590 - Feedback off
2025-02-20 14:37:19,603 - Sending command: SpectStart;
2025-02-20 14:37:22,778 - Response: b'DDE Cmd 179\r\n'
2025-02-20 14:37:22,792 - Sending command: SpectStart;
2025-02-20 14:37:25,973 - Response: b'DDE Cmd 180\r\n'
2025-02-20 14:37:25,987 - Sending command: SpectStart;
2025-02-20 14:37:29,168 - Response: b'DDE Cmd 181\r\n'
2025-02-20 14:37:29,181 - Sending command: SpectStart;
2025-02-20 14:37:32,283 - Response: b'DDE Cmd 182\r\n'
2025-02-20 14:37:32,296 - Sending command: SpectStart;
2025-02-20 14:37:35,396 - Response: b'DDE Cmd 183\r\n'
2025-02-20 14:37:35,411 - Sending command: SpectStart;
2025-02-20 14:37:38,597 - Response: b'DDE Cmd 184\r\n'
2025-02-20 14:37:38,611 - Sending command: SpectStart;
2025-02-20 14:37:41,797 - Response: b'DDE Cmd 185\r\n'
2025-02-20 14:37:41,809 - Sending command: FeedPara('Enable', 0);
2025-02-20 14:37:41,812 - Response: b'DDE Cmd 186\r\n'
2025-02-20 14:37:41,812 - Sending command: a := 0.0;
a := GetFeedPara('Enable');
Writeln(a);
2025-02-20 14:37:41,814 - Response: b'DDE Cmd 187\r\n0\r\n'
2025-02-20 14:37:41,814 - Sending command: FeedPara('Enable', 0);
2025-02-20 14:37:41,816 - Response: b'DDE Cmd 188\r\n'
2025-02-20 14:37:41,816 - Sending command: a := 0.0;
a := GetFeedPara('Enable');
Writeln(a);
2025-02-20 14:37:41,820 - Response: b'DDE Cmd 189\r\n0\r\n'
2025-02-20 14:37:41,820 - Feedback on
2025-02-20 14:37:41,820 - Sending command: FeedPara('ZOffset', 10);
2025-02-20 14:37:41,822 - Response: b'DDE Cmd 190\r\n'
2025-02-20 14:37:41,822 - Feedback recover to 0
2025-02-20 14:37:41,823 -   Multi-STS點 (6/40): (770.740, 498.050)
2025-02-20 14:37:41,823 - Sending command: SpectPara(1, 770.74);
2025-02-20 14:37:41,830 - Response: b'DDE Cmd 191\r\n'
2025-02-20 14:37:41,830 - Sending command: SpectPara(2, 498.04999999999995);
2025-02-20 14:37:41,835 - Response: b'DDE Cmd 192\r\n'
2025-02-20 14:37:41,835 - Sending command: SpectPara(1, 770.74);
2025-02-20 14:37:41,841 - Response: b'DDE Cmd 193\r\n'
2025-02-20 14:37:41,841 - Sending command: SpectPara(2, 498.04999999999995);
2025-02-20 14:37:41,847 - Response: b'DDE Cmd 194\r\n'
2025-02-20 14:37:41,847 - Sending command: a := 0.0;
a := GetFeedPara('Enable');
Writeln(a);
2025-02-20 14:37:41,850 - Response: b'DDE Cmd 195\r\n0\r\n'
2025-02-20 14:37:41,850 - current state type:
2025-02-20 14:37:41,850 - <class 'float'>
2025-02-20 14:37:41,850 - current state:
2025-02-20 14:37:41,850 - 0.0
2025-02-20 14:37:41,977 - Sending command: SpectStart;
2025-02-20 14:37:45,169 - Response: b'DDE Cmd 196\r\n'
2025-02-20 14:37:45,169 - Sending command: FeedPara('ZOffset', 0.0);
2025-02-20 14:37:45,171 - Response: b'DDE Cmd 197\r\n'
2025-02-20 14:37:45,171 - Sending command: FeedPara('Enable', 1);
2025-02-20 14:37:45,174 - Response: b'DDE Cmd 198\r\n'
2025-02-20 14:37:45,175 - Sending command: a := 0.0;
a := GetFeedPara('Enable');
Writeln(a);
2025-02-20 14:37:45,176 - Response: b'DDE Cmd 199\r\n1\r\n'
2025-02-20 14:37:45,176 - Sending command: FeedPara('Enable', 1);
2025-02-20 14:37:45,178 - Response: b'DDE Cmd 200\r\n'
2025-02-20 14:37:45,178 - Sending command: a := 0.0;
a := GetFeedPara('Enable');
Writeln(a);
2025-02-20 14:37:45,181 - Response: b'DDE Cmd 201\r\n1\r\n'
2025-02-20 14:37:45,181 - Feedback off
2025-02-20 14:37:45,196 - Sending command: SpectStart;
2025-02-20 14:37:48,374 - Response: b'DDE Cmd 202\r\n'
2025-02-20 14:37:48,388 - Sending command: SpectStart;
2025-02-20 14:37:51,574 - Response: b'DDE Cmd 203\r\n'
2025-02-20 14:37:51,588 - Sending command: SpectStart;
2025-02-20 14:37:54,770 - Response: b'DDE Cmd 204\r\n'
2025-02-20 14:37:54,783 - Sending command: SpectStart;
2025-02-20 14:37:57,966 - Response: b'DDE Cmd 205\r\n'
2025-02-20 14:37:57,980 - Sending command: SpectStart;
2025-02-20 14:38:01,174 - Response: b'DDE Cmd 206\r\n'
2025-02-20 14:38:01,188 - Sending command: SpectStart;
2025-02-20 14:38:04,374 - Response: b'DDE Cmd 207\r\n'
2025-02-20 14:38:04,388 - Sending command: SpectStart;
2025-02-20 14:38:07,571 - Response: b'DDE Cmd 208\r\n'
2025-02-20 14:38:07,583 - Sending command: FeedPara('Enable', 0);
2025-02-20 14:38:07,585 - Response: b'DDE Cmd 209\r\n'
2025-02-20 14:38:07,585 - Sending command: a := 0.0;
a := GetFeedPara('Enable');
Writeln(a);
2025-02-20 14:38:07,587 - Response: b'DDE Cmd 210\r\n0\r\n'
2025-02-20 14:38:07,588 - Sending command: FeedPara('Enable', 0);
2025-02-20 14:38:07,589 - Response: b'DDE Cmd 211\r\n'
2025-02-20 14:38:07,589 - Sending command: a := 0.0;
a := GetFeedPara('Enable');
Writeln(a);
2025-02-20 14:38:07,591 - Response: b'DDE Cmd 212\r\n0\r\n'
2025-02-20 14:38:07,591 - Feedback on
2025-02-20 14:38:07,591 - Sending command: FeedPara('ZOffset', 10);
2025-02-20 14:38:07,593 - Response: b'DDE Cmd 213\r\n'
2025-02-20 14:38:07,593 - Feedback recover to 0
2025-02-20 14:38:07,593 -   Multi-STS點 (7/40): (771.140, 498.050)
2025-02-20 14:38:07,593 - Sending command: SpectPara(1, 771.14);
2025-02-20 14:38:07,602 - Response: b'DDE Cmd 214\r\n'
2025-02-20 14:38:07,602 - Sending command: SpectPara(2, 498.04999999999995);
2025-02-20 14:38:07,608 - Response: b'DDE Cmd 215\r\n'
2025-02-20 14:38:07,608 - Sending command: SpectPara(1, 771.14);
2025-02-20 14:38:07,613 - Response: b'DDE Cmd 216\r\n'
2025-02-20 14:38:07,613 - Sending command: SpectPara(2, 498.04999999999995);
2025-02-20 14:38:07,618 - Response: b'DDE Cmd 217\r\n'
2025-02-20 14:38:07,618 - Sending command: a := 0.0;
a := GetFeedPara('Enable');
Writeln(a);
2025-02-20 14:38:07,621 - Response: b'DDE Cmd 218\r\n0\r\n'
2025-02-20 14:38:07,621 - current state type:
2025-02-20 14:38:07,621 - <class 'float'>
2025-02-20 14:38:07,621 - current state:
2025-02-20 14:38:07,621 - 0.0
2025-02-20 14:38:07,751 - Sending command: SpectStart;
2025-02-20 14:38:10,961 - Response: b'DDE Cmd 219\r\n'
2025-02-20 14:38:10,961 - Sending command: FeedPara('ZOffset', 0.0);
2025-02-20 14:38:10,963 - Response: b'DDE Cmd 220\r\n'
2025-02-20 14:38:10,963 - Sending command: FeedPara('Enable', 1);
2025-02-20 14:38:10,966 - Response: b'DDE Cmd 221\r\n'
2025-02-20 14:38:10,967 - Sending command: a := 0.0;
a := GetFeedPara('Enable');
Writeln(a);
2025-02-20 14:38:10,969 - Response: b'DDE Cmd 222\r\n1\r\n'
2025-02-20 14:38:10,969 - Sending command: FeedPara('Enable', 1);
2025-02-20 14:38:10,970 - Response: b'DDE Cmd 223\r\n'
2025-02-20 14:38:10,971 - Sending command: a := 0.0;
a := GetFeedPara('Enable');
Writeln(a);
2025-02-20 14:38:10,973 - Response: b'DDE Cmd 224\r\n1\r\n'
2025-02-20 14:38:10,973 - Feedback off
2025-02-20 14:38:10,986 - Sending command: SpectStart;
2025-02-20 14:38:14,185 - Response: b'DDE Cmd 225\r\n'
2025-02-20 14:38:14,200 - Sending command: SpectStart;
2025-02-20 14:38:17,386 - Response: b'DDE Cmd 226\r\n'
2025-02-20 14:38:17,400 - Sending command: SpectStart;
2025-02-20 14:38:20,586 - Response: b'DDE Cmd 227\r\n'
2025-02-20 14:38:20,600 - Sending command: SpectStart;
2025-02-20 14:38:23,792 - Response: b'DDE Cmd 228\r\n'
2025-02-20 14:38:24,020 - Sending command: SpectStart;
2025-02-20 14:38:27,217 - Response: b'DDE Cmd 229\r\n'
2025-02-20 14:38:27,230 - Sending command: SpectStart;
2025-02-20 14:38:30,402 - Response: b'DDE Cmd 230\r\n'
2025-02-20 14:38:30,416 - Sending command: SpectStart;
2025-02-20 14:38:33,606 - Response: b'DDE Cmd 231\r\n'
2025-02-20 14:38:33,617 - Sending command: FeedPara('Enable', 0);
2025-02-20 14:38:33,619 - Response: b'DDE Cmd 232\r\n'
2025-02-20 14:38:33,620 - Sending command: a := 0.0;
a := GetFeedPara('Enable');
Writeln(a);
2025-02-20 14:38:33,622 - Response: b'DDE Cmd 233\r\n0\r\n'
2025-02-20 14:38:33,622 - Sending command: FeedPara('Enable', 0);
2025-02-20 14:38:33,623 - Response: b'DDE Cmd 234\r\n'
2025-02-20 14:38:33,624 - Sending command: a := 0.0;
a := GetFeedPara('Enable');
Writeln(a);
2025-02-20 14:38:33,626 - Response: b'DDE Cmd 235\r\n0\r\n'
2025-02-20 14:38:33,626 - Feedback on
2025-02-20 14:38:33,626 - Sending command: FeedPara('ZOffset', 10);
2025-02-20 14:38:33,628 - Response: b'DDE Cmd 236\r\n'
2025-02-20 14:38:33,628 - Feedback recover to 0
2025-02-20 14:38:33,628 -   Multi-STS點 (8/40): (771.540, 498.050)
2025-02-20 14:38:33,628 - Sending command: SpectPara(1, 771.54);
2025-02-20 14:38:33,636 - Response: b'DDE Cmd 237\r\n'
2025-02-20 14:38:33,637 - Sending command: SpectPara(2, 498.04999999999995);
2025-02-20 14:38:33,643 - Response: b'DDE Cmd 238\r\n'
2025-02-20 14:38:33,643 - Sending command: SpectPara(1, 771.54);
2025-02-20 14:38:33,648 - Response: b'DDE Cmd 239\r\n'
2025-02-20 14:38:33,649 - Sending command: SpectPara(2, 498.04999999999995);
2025-02-20 14:38:33,655 - Response: b'DDE Cmd 240\r\n'
2025-02-20 14:38:33,655 - Sending command: a := 0.0;
a := GetFeedPara('Enable');
Writeln(a);
2025-02-20 14:38:33,657 - Response: b'DDE Cmd 241\r\n0\r\n'
2025-02-20 14:38:33,657 - current state type:
2025-02-20 14:38:33,657 - <class 'float'>
2025-02-20 14:38:33,657 - current state:
2025-02-20 14:38:33,657 - 0.0
2025-02-20 14:38:33,785 - Sending command: SpectStart;
2025-02-20 14:38:36,895 - Response: b'DDE Cmd 242\r\n'
2025-02-20 14:38:36,895 - Sending command: FeedPara('ZOffset', 0.0);
2025-02-20 14:38:36,897 - Response: b'DDE Cmd 243\r\n'
2025-02-20 14:38:36,897 - Sending command: FeedPara('Enable', 1);
2025-02-20 14:38:36,900 - Response: b'DDE Cmd 244\r\n'
2025-02-20 14:38:36,900 - Sending command: a := 0.0;
a := GetFeedPara('Enable');
Writeln(a);
2025-02-20 14:38:36,902 - Response: b'DDE Cmd 245\r\n1\r\n'
2025-02-20 14:38:36,903 - Sending command: FeedPara('Enable', 1);
2025-02-20 14:38:36,904 - Response: b'DDE Cmd 246\r\n'
2025-02-20 14:38:36,904 - Sending command: a := 0.0;
a := GetFeedPara('Enable');
Writeln(a);
2025-02-20 14:38:36,907 - Response: b'DDE Cmd 247\r\n1\r\n'
2025-02-20 14:38:36,907 - Feedback off
2025-02-20 14:38:36,921 - Sending command: SpectStart;
2025-02-20 14:38:39,152 - Sending command: ScanPara('Scan', 0);
2025-02-20 14:38:39,152 - Command error: Unable to send command (err=0x4006)
2025-02-20 14:38:39,152 - Measurement stopped
2025-02-20 14:38:40,108 - Response: b'DDE Cmd 248\r\n'
2025-02-20 14:38:40,108 - Multi-STS measurement error:
2025-02-20 14:38:40,121 - Sending command: FeedPara('Enable', 0);
2025-02-20 14:38:40,124 - Response: b'DDE Cmd 249\r\n'
2025-02-20 14:38:40,124 - Sending command: a := 0.0;
a := GetFeedPara('Enable');
Writeln(a);
2025-02-20 14:38:40,126 - Response: b'DDE Cmd 250\r\n0\r\n'
2025-02-20 14:38:40,127 - Sending command: FeedPara('Enable', 0);
2025-02-20 14:38:40,128 - Response: b'DDE Cmd 251\r\n'
2025-02-20 14:38:40,129 - Sending command: a := 0.0;
a := GetFeedPara('Enable');
Writeln(a);
2025-02-20 14:38:40,131 - Response: b'DDE Cmd 252\r\n0\r\n'
2025-02-20 14:38:40,131 - Feedback on
2025-02-20 14:38:40,131 - Sending command: FeedPara('ZOffset', 10);
2025-02-20 14:38:40,133 - Response: b'DDE Cmd 253\r\n'
2025-02-20 14:38:40,133 - Feedback recover to 0
2025-02-20 14:38:40,134 - 警告: 位置 (771.54, 498.04999999999995) 的 Multi-STS 量測失敗
2025-02-20 14:38:40,134 - 
局部 Multi-STS CITS 量測錯誤:
2025-02-20 14:38:40,134 - Sending command: FeedPara('Enable', 0);
2025-02-20 14:38:40,135 - Response: b'DDE Cmd 254\r\n'
2025-02-20 14:38:40,136 - Sending command: a := 0.0;
a := GetFeedPara('Enable');
Writeln(a);
2025-02-20 14:38:40,138 - Response: b'DDE Cmd 255\r\n0\r\n'
2025-02-20 14:38:40,138 - Sending command: FeedPara('Enable', 0);
2025-02-20 14:38:40,141 - Response: b'DDE Cmd 256\r\n'
2025-02-20 14:38:40,141 - Sending command: a := 0.0;
a := GetFeedPara('Enable');
Writeln(a);
2025-02-20 14:38:40,143 - Response: b'DDE Cmd 257\r\n0\r\n'
2025-02-20 14:38:40,143 - Feedback on
2025-02-20 14:38:40,143 - 系統回到安全狀態
2025-02-20 14:38:40,143 - Failed to start local Multi-STS CITS measurement
2025-02-21 13:07:17,281 - 視窗已關閉，正在清理資源...
